// Jest Snapshot v1, https://goo.gl/fbAQLP

exports[`Should render with dropdown 1`] = `ReactWrapper {}`;
